******************************************************************************
                  TI ARM Linker PC v18.12.4                    
******************************************************************************
>> Linked Tue Oct 13 16:56:09 2020

OUTPUT FILE NAME:   <test_blink.out>
ENTRY POINT SYMBOL: "_c_int00_noargs"  address: 00000975


MEMORY CONFIGURATION

         name            origin    length      used     unused   attr    fill
----------------------  --------  ---------  --------  --------  ----  --------
  FLASH                 00000000   00040000  00000b8e  0003f472  R  X
  SRAM                  20000000   00008000  00000211  00007def  RW X


SEGMENT ALLOCATION MAP

run origin  load origin   length   init length attrs members
----------  ----------- ---------- ----------- ----- -------
00000000    00000000    00000b90   00000b90    r-x
  00000000    00000000    0000026c   0000026c    r-- .intvecs
  0000026c    0000026c    000007f6   000007f6    r-x .text
  00000a64    00000a64    000000fc   000000fc    r-- .const
  00000b60    00000b60    00000030   00000030    r-- .cinit
20000000    20000000    00000214   00000000    rw-
  20000000    20000000    00000200   00000000    rw- .stack
  20000200    20000200    0000000d   00000000    rw- .data
  20000210    20000210    00000004   00000000    rw- .bss


SECTION ALLOCATION MAP

 output                                  attributes/
section   page    origin      length       input sections
--------  ----  ----------  ----------   ----------------
.intvecs   0    00000000    0000026c     
                  00000000    0000026c     tm4c123gh6pm_startup_ccs.obj (.intvecs)

.text      0    0000026c    000007f6     
                  0000026c    000001d0     main.obj (.text)
                  0000043c    00000132     driverlib.lib : gpio.obj (.text:GPIOPadConfigSet)
                  0000056e    00000002     --HOLE-- [fill = 0]
                  00000570    00000110                   : sysctl.obj (.text:SysCtlClockGet)
                  00000680    000000f4                   : sysctl.obj (.text:SysCtlClockSet)
                  00000774    0000009c     rtsv7M4_T_le_v4SPD16_eabi.lib : memcpy_t2.asm.obj (.text)
                  00000810    00000068                                   : copy_decompress_lzss.c.obj (.text:decompress:lzss:__TI_decompress_lzss)
                  00000878    00000048     driverlib.lib : gpio.obj (.text:GPIOPinConfigure)
                  000008c0    00000044     rtsv7M4_T_le_v4SPD16_eabi.lib : autoinit.c.obj (.text:__TI_auto_init_nobinit_nopinit:__TI_auto_init_nobinit_nopinit)
                  00000904    0000003c     driverlib.lib : ssi.obj (.text:SSIConfigSetExpClk)
                  00000940    00000034                   : sysctl.obj (.text:SysCtlPeripheralEnable)
                  00000974    00000034     rtsv7M4_T_le_v4SPD16_eabi.lib : boot_cortex_m.c.obj (.text:_c_int00_noargs:_c_int00_noargs)
                  000009a8    0000002a     driverlib.lib : gpio.obj (.text:GPIODirModeSet)
                  000009d2    0000001c     rtsv7M4_T_le_v4SPD16_eabi.lib : copy_zero_init.c.obj (.text:decompress:ZI:__TI_zero_init_nomemset:__TI_zero_init_nomemset)
                  000009ee    00000018     driverlib.lib : gpio.obj (.text:GPIOPinTypeGPIOOutput)
                  00000a06    00000012                   : gpio.obj (.text:GPIOPinTypeSSI)
                  00000a18    0000000e     rtsv7M4_T_le_v4SPD16_eabi.lib : copy_decompress_none.c.obj (.text:decompress:none:__TI_decompress_none)
                  00000a26    0000000c     tm4c123gh6pm_startup_ccs.obj (.text)
                  00000a32    0000000a     driverlib.lib : ssi.obj (.text:SSIDataPut)
                  00000a3c    0000000a                   : ssi.obj (.text:SSIEnable)
                  00000a46    00000008                   : ssi.obj (.text:SSIBusy)
                  00000a4e    00000006                   : gpio.obj (.text:GPIOPinWrite)
                  00000a54    00000006                   : sysctl.obj (.text:SysCtlDelay)
                  00000a5a    00000004     rtsv7M4_T_le_v4SPD16_eabi.lib : pre_init.c.obj (.text:_system_pre_init)
                  00000a5e    00000004                                   : exit.c.obj (.text:abort:abort)

.const     0    00000a64    000000fc     
                  00000a64    00000090     driverlib.lib : gpio.obj (.const:g_pui32GPIOBaseAddrs)
                  00000af4    0000006c                   : sysctl.obj (.const:g_pui32Xtals)

.cinit     0    00000b60    00000030     
                  00000b60    0000000c     (__TI_handler_table)
                  00000b6c    00000004     --HOLE-- [fill = 0]
                  00000b70    00000008     (.cinit..bss.load) [load image, compression = zero_init]
                  00000b78    00000008     (.cinit..data.load) [load image, compression = lzss]
                  00000b80    00000010     (__TI_cinit_table)

.init_array 
*          0    00000000    00000000     UNINITIALIZED

.data      0    20000200    0000000d     UNINITIALIZED
                  20000200    0000000c     main.obj (.data:pui32DataTx)
                  2000020c    00000001     main.obj (.data)

.bss       0    20000210    00000004     UNINITIALIZED
                  20000210    00000004     (.common:ui32Index)

.stack     0    20000000    00000200     UNINITIALIZED
                  20000000    00000004     rtsv7M4_T_le_v4SPD16_eabi.lib : boot_cortex_m.c.obj (.stack)
                  20000004    000001fc     --HOLE--

MODULE SUMMARY

       Module                         code   ro data   rw data
       ------                         ----   -------   -------
    .\
       tm4c123gh6pm_startup_ccs.obj   12     620       0      
       main.obj                       464    0         17     
    +--+------------------------------+------+---------+---------+
       Total:                         476    620       17     
                                                              
    C:/ti/tivaware_c_series_2_1_4_178/driverlib/ccs/Debug/driverlib.lib
       sysctl.obj                     574    108       0      
       gpio.obj                       468    144       0      
       ssi.obj                        88     0         0      
    +--+------------------------------+------+---------+---------+
       Total:                         1130   252       0      
                                                              
    C:\ti\ccs930\ccs\tools\compiler\ti-cgt-arm_18.12.4.LTS\lib\rtsv7M4_T_le_v4SPD16_eabi.lib
       memcpy_t2.asm.obj              156    0         0      
       copy_decompress_lzss.c.obj     104    0         0      
       autoinit.c.obj                 68     0         0      
       boot_cortex_m.c.obj            52     0         0      
       copy_zero_init.c.obj           28     0         0      
       copy_decompress_none.c.obj     14     0         0      
       exit.c.obj                     4      0         0      
       pre_init.c.obj                 4      0         0      
    +--+------------------------------+------+---------+---------+
       Total:                         430    0         0      
                                                              
       Stack:                         0      0         512    
       Linker Generated:              0      44        0      
    +--+------------------------------+------+---------+---------+
       Grand Total:                   2036   916       529    


LINKER GENERATED COPY TABLES

__TI_cinit_table @ 00000b80 records: 2, size/record: 8, table size: 16
	.bss: load addr=00000b70, load size=00000008 bytes, run addr=20000210, run size=00000004 bytes, compression=zero_init
	.data: load addr=00000b78, load size=00000008 bytes, run addr=20000200, run size=0000000d bytes, compression=lzss


LINKER GENERATED HANDLER TABLE

__TI_handler_table @ 00000b60 records: 3, size/record: 4, table size: 12
	index: 0, handler: __TI_decompress_lzss
	index: 1, handler: __TI_decompress_none
	index: 2, handler: __TI_zero_init


GLOBAL SYMBOLS: SORTED ALPHABETICALLY BY Name 

address   name                          
-------   ----                          
00000a5f  C$$EXIT                       
000009a9  GPIODirModeSet                
0000043d  GPIOPadConfigSet              
00000879  GPIOPinConfigure              
000009ef  GPIOPinTypeGPIOOutput         
00000a07  GPIOPinTypeSSI                
00000a4f  GPIOPinWrite                  
00000a27  ResetISR                      
00000a47  SSIBusy                       
00000905  SSIConfigSetExpClk            
00000a33  SSIDataPut                    
00000a3d  SSIEnable                     
00000571  SysCtlClockGet                
00000681  SysCtlClockSet                
00000a55  SysCtlDelay                   
00000941  SysCtlPeripheralEnable        
00000289  WriteSPI                      
20000200  __STACK_END                   
00000200  __STACK_SIZE                  
20000200  __STACK_TOP                   
00000b80  __TI_CINIT_Base               
00000b90  __TI_CINIT_Limit              
00000b60  __TI_Handler_Table_Base       
00000b6c  __TI_Handler_Table_Limit      
000008c1  __TI_auto_init_nobinit_nopinit
00000811  __TI_decompress_lzss          
00000a19  __TI_decompress_none          
ffffffff  __TI_pprof_out_hndl           
ffffffff  __TI_prof_data_size           
ffffffff  __TI_prof_data_start          
00000000  __TI_static_base__            
000009d3  __TI_zero_init_nomemset       
00000775  __aeabi_memcpy                
00000775  __aeabi_memcpy4               
00000775  __aeabi_memcpy8               
ffffffff  __binit__                     
ffffffff  __c_args__                    
UNDEFED   __mpu_init                    
20000000  __stack                       
00000975  _c_int00_noargs               
UNDEFED   _system_post_cinit            
00000a5b  _system_pre_init              
00000a5f  abort                         
ffffffff  binit                         
0000026d  delayMS                       
00000000  g_pfnVectors                  
2000020c  isState                       
000002e3  main                          
00000775  memcpy                        
20000200  pui32DataTx                   
20000210  ui32Index                     


GLOBAL SYMBOLS: SORTED BY Symbol Address 

address   name                          
-------   ----                          
00000000  __TI_static_base__            
00000000  g_pfnVectors                  
00000200  __STACK_SIZE                  
0000026d  delayMS                       
00000289  WriteSPI                      
000002e3  main                          
0000043d  GPIOPadConfigSet              
00000571  SysCtlClockGet                
00000681  SysCtlClockSet                
00000775  __aeabi_memcpy                
00000775  __aeabi_memcpy4               
00000775  __aeabi_memcpy8               
00000775  memcpy                        
00000811  __TI_decompress_lzss          
00000879  GPIOPinConfigure              
000008c1  __TI_auto_init_nobinit_nopinit
00000905  SSIConfigSetExpClk            
00000941  SysCtlPeripheralEnable        
00000975  _c_int00_noargs               
000009a9  GPIODirModeSet                
000009d3  __TI_zero_init_nomemset       
000009ef  GPIOPinTypeGPIOOutput         
00000a07  GPIOPinTypeSSI                
00000a19  __TI_decompress_none          
00000a27  ResetISR                      
00000a33  SSIDataPut                    
00000a3d  SSIEnable                     
00000a47  SSIBusy                       
00000a4f  GPIOPinWrite                  
00000a55  SysCtlDelay                   
00000a5b  _system_pre_init              
00000a5f  C$$EXIT                       
00000a5f  abort                         
00000b60  __TI_Handler_Table_Base       
00000b6c  __TI_Handler_Table_Limit      
00000b80  __TI_CINIT_Base               
00000b90  __TI_CINIT_Limit              
20000000  __stack                       
20000200  __STACK_END                   
20000200  __STACK_TOP                   
20000200  pui32DataTx                   
2000020c  isState                       
20000210  ui32Index                     
ffffffff  __TI_pprof_out_hndl           
ffffffff  __TI_prof_data_size           
ffffffff  __TI_prof_data_start          
ffffffff  __binit__                     
ffffffff  __c_args__                    
ffffffff  binit                         
UNDEFED   __mpu_init                    
UNDEFED   _system_post_cinit            

[51 symbols]
