******************************************************************************
                  TI ARM Linker PC v18.12.4                    
******************************************************************************
>> Linked Wed Oct 21 12:17:12 2020

OUTPUT FILE NAME:   <test_blink.out>
ENTRY POINT SYMBOL: "_c_int00_noargs"  address: 00000a39


MEMORY CONFIGURATION

         name            origin    length      used     unused   attr    fill
----------------------  --------  ---------  --------  --------  ----  --------
  FLASH                 00000000   00040000  00000c52  0003f3ae  R  X
  SRAM                  20000000   00008000  00000224  00007ddc  RW X


SEGMENT ALLOCATION MAP

run origin  load origin   length   init length attrs members
----------  ----------- ---------- ----------- ----- -------
00000000    00000000    00000c58   00000c58    r-x
  00000000    00000000    0000026c   0000026c    r-- .intvecs
  0000026c    0000026c    000008ba   000008ba    r-x .text
  00000b28    00000b28    000000fc   000000fc    r-- .const
  00000c28    00000c28    00000030   00000030    r-- .cinit
20000000    20000000    00000224   00000000    rw-
  20000000    20000000    00000200   00000000    rw- .stack
  20000200    20000200    00000020   00000000    rw- .data
  20000220    20000220    00000004   00000000    rw- .bss


SECTION ALLOCATION MAP

 output                                  attributes/
section   page    origin      length       input sections
--------  ----  ----------  ----------   ----------------
.intvecs   0    00000000    0000026c     
                  00000000    0000026c     tm4c123gh6pm_startup_ccs.obj (.intvecs)

.text      0    0000026c    000008ba     
                  0000026c    00000294     main.obj (.text)
                  00000500    00000132     driverlib.lib : gpio.obj (.text:GPIOPadConfigSet)
                  00000632    00000002     --HOLE-- [fill = 0]
                  00000634    00000110                   : sysctl.obj (.text:SysCtlClockGet)
                  00000744    000000f4                   : sysctl.obj (.text:SysCtlClockSet)
                  00000838    0000009c     rtsv7M4_T_le_v4SPD16_eabi.lib : memcpy_t2.asm.obj (.text)
                  000008d4    00000068                                   : copy_decompress_lzss.c.obj (.text:decompress:lzss:__TI_decompress_lzss)
                  0000093c    00000048     driverlib.lib : gpio.obj (.text:GPIOPinConfigure)
                  00000984    00000044     rtsv7M4_T_le_v4SPD16_eabi.lib : autoinit.c.obj (.text:__TI_auto_init_nobinit_nopinit:__TI_auto_init_nobinit_nopinit)
                  000009c8    0000003c     driverlib.lib : ssi.obj (.text:SSIConfigSetExpClk)
                  00000a04    00000034                   : sysctl.obj (.text:SysCtlPeripheralEnable)
                  00000a38    00000034     rtsv7M4_T_le_v4SPD16_eabi.lib : boot_cortex_m.c.obj (.text:_c_int00_noargs:_c_int00_noargs)
                  00000a6c    0000002a     driverlib.lib : gpio.obj (.text:GPIODirModeSet)
                  00000a96    0000001c     rtsv7M4_T_le_v4SPD16_eabi.lib : copy_zero_init.c.obj (.text:decompress:ZI:__TI_zero_init_nomemset:__TI_zero_init_nomemset)
                  00000ab2    00000018     driverlib.lib : gpio.obj (.text:GPIOPinTypeGPIOOutput)
                  00000aca    00000012                   : gpio.obj (.text:GPIOPinTypeSSI)
                  00000adc    0000000e     rtsv7M4_T_le_v4SPD16_eabi.lib : copy_decompress_none.c.obj (.text:decompress:none:__TI_decompress_none)
                  00000aea    0000000c     tm4c123gh6pm_startup_ccs.obj (.text)
                  00000af6    0000000a     driverlib.lib : ssi.obj (.text:SSIDataPut)
                  00000b00    0000000a                   : ssi.obj (.text:SSIEnable)
                  00000b0a    00000008                   : ssi.obj (.text:SSIBusy)
                  00000b12    00000006                   : gpio.obj (.text:GPIOPinWrite)
                  00000b18    00000006                   : sysctl.obj (.text:SysCtlDelay)
                  00000b1e    00000004     rtsv7M4_T_le_v4SPD16_eabi.lib : pre_init.c.obj (.text:_system_pre_init)
                  00000b22    00000004                                   : exit.c.obj (.text:abort:abort)

.const     0    00000b28    000000fc     
                  00000b28    00000090     driverlib.lib : gpio.obj (.const:g_pui32GPIOBaseAddrs)
                  00000bb8    0000006c                   : sysctl.obj (.const:g_pui32Xtals)

.cinit     0    00000c28    00000030     
                  00000c28    0000000c     (.cinit..data.load) [load image, compression = lzss]
                  00000c34    0000000c     (__TI_handler_table)
                  00000c40    00000008     (.cinit..bss.load) [load image, compression = zero_init]
                  00000c48    00000010     (__TI_cinit_table)

.init_array 
*          0    00000000    00000000     UNINITIALIZED

.data      0    20000200    00000020     UNINITIALIZED
                  20000200    00000011     main.obj (.data)
                  20000211    00000003     --HOLE--
                  20000214    0000000c     main.obj (.data:pui32DataTx)

.bss       0    20000220    00000004     UNINITIALIZED
                  20000220    00000004     (.common:ui32Index)

.stack     0    20000000    00000200     UNINITIALIZED
                  20000000    00000004     rtsv7M4_T_le_v4SPD16_eabi.lib : boot_cortex_m.c.obj (.stack)
                  20000004    000001fc     --HOLE--

MODULE SUMMARY

       Module                         code   ro data   rw data
       ------                         ----   -------   -------
    .\
       main.obj                       660    0         33     
       tm4c123gh6pm_startup_ccs.obj   12     620       0      
    +--+------------------------------+------+---------+---------+
       Total:                         672    620       33     
                                                              
    C:/ti/tivaware_c_series_2_1_4_178/driverlib/ccs/Debug/driverlib.lib
       sysctl.obj                     574    108       0      
       gpio.obj                       468    144       0      
       ssi.obj                        88     0         0      
    +--+------------------------------+------+---------+---------+
       Total:                         1130   252       0      
                                                              
    C:\ti\ccs930\ccs\tools\compiler\ti-cgt-arm_18.12.4.LTS\lib\rtsv7M4_T_le_v4SPD16_eabi.lib
       memcpy_t2.asm.obj              156    0         0      
       copy_decompress_lzss.c.obj     104    0         0      
       autoinit.c.obj                 68     0         0      
       boot_cortex_m.c.obj            52     0         0      
       copy_zero_init.c.obj           28     0         0      
       copy_decompress_none.c.obj     14     0         0      
       exit.c.obj                     4      0         0      
       pre_init.c.obj                 4      0         0      
    +--+------------------------------+------+---------+---------+
       Total:                         430    0         0      
                                                              
       Stack:                         0      0         512    
       Linker Generated:              0      48        0      
    +--+------------------------------+------+---------+---------+
       Grand Total:                   2232   920       545    


LINKER GENERATED COPY TABLES

__TI_cinit_table @ 00000c48 records: 2, size/record: 8, table size: 16
	.data: load addr=00000c28, load size=0000000c bytes, run addr=20000200, run size=00000020 bytes, compression=lzss
	.bss: load addr=00000c40, load size=00000008 bytes, run addr=20000220, run size=00000004 bytes, compression=zero_init


LINKER GENERATED HANDLER TABLE

__TI_handler_table @ 00000c34 records: 3, size/record: 4, table size: 12
	index: 0, handler: __TI_decompress_lzss
	index: 1, handler: __TI_decompress_none
	index: 2, handler: __TI_zero_init


GLOBAL SYMBOLS: SORTED ALPHABETICALLY BY Name 

address   name                          
-------   ----                          
00000b23  C$$EXIT                       
00000a6d  GPIODirModeSet                
00000501  GPIOPadConfigSet              
0000093d  GPIOPinConfigure              
00000ab3  GPIOPinTypeGPIOOutput         
00000acb  GPIOPinTypeSSI                
00000b13  GPIOPinWrite                  
00000aeb  ResetISR                      
00000b0b  SSIBusy                       
000009c9  SSIConfigSetExpClk            
00000af7  SSIDataPut                    
00000b01  SSIEnable                     
00000635  SysCtlClockGet                
00000745  SysCtlClockSet                
00000b19  SysCtlDelay                   
00000a05  SysCtlPeripheralEnable        
000003bf  WriteSPI                      
20000200  __STACK_END                   
00000200  __STACK_SIZE                  
20000200  __STACK_TOP                   
00000c48  __TI_CINIT_Base               
00000c58  __TI_CINIT_Limit              
00000c34  __TI_Handler_Table_Base       
00000c40  __TI_Handler_Table_Limit      
00000985  __TI_auto_init_nobinit_nopinit
000008d5  __TI_decompress_lzss          
00000add  __TI_decompress_none          
ffffffff  __TI_pprof_out_hndl           
ffffffff  __TI_prof_data_size           
ffffffff  __TI_prof_data_start          
00000000  __TI_static_base__            
00000a97  __TI_zero_init_nomemset       
00000839  __aeabi_memcpy                
00000839  __aeabi_memcpy4               
00000839  __aeabi_memcpy8               
ffffffff  __binit__                     
ffffffff  __c_args__                    
UNDEFED   __mpu_init                    
20000000  __stack                       
00000a39  _c_int00_noargs               
2000020c  _invertCache                  
20000200  _modeCache                    
20000204  _outputCache                  
20000208  _pullupCache                  
UNDEFED   _system_post_cinit            
00000b1f  _system_pre_init              
00000b23  abort                         
ffffffff  binit                         
000002c5  byteWrite                     
000003a3  delayMS                       
00000329  digitalWrite                  
00000000  g_pfnVectors                  
20000210  isState                       
00000419  main                          
00000839  memcpy                        
00000315  pinMode                       
20000214  pui32DataTx                   
20000220  ui32Index                     
0000026d  wordWrite                     


GLOBAL SYMBOLS: SORTED BY Symbol Address 

address   name                          
-------   ----                          
00000000  __TI_static_base__            
00000000  g_pfnVectors                  
00000200  __STACK_SIZE                  
0000026d  wordWrite                     
000002c5  byteWrite                     
00000315  pinMode                       
00000329  digitalWrite                  
000003a3  delayMS                       
000003bf  WriteSPI                      
00000419  main                          
00000501  GPIOPadConfigSet              
00000635  SysCtlClockGet                
00000745  SysCtlClockSet                
00000839  __aeabi_memcpy                
00000839  __aeabi_memcpy4               
00000839  __aeabi_memcpy8               
00000839  memcpy                        
000008d5  __TI_decompress_lzss          
0000093d  GPIOPinConfigure              
00000985  __TI_auto_init_nobinit_nopinit
000009c9  SSIConfigSetExpClk            
00000a05  SysCtlPeripheralEnable        
00000a39  _c_int00_noargs               
00000a6d  GPIODirModeSet                
00000a97  __TI_zero_init_nomemset       
00000ab3  GPIOPinTypeGPIOOutput         
00000acb  GPIOPinTypeSSI                
00000add  __TI_decompress_none          
00000aeb  ResetISR                      
00000af7  SSIDataPut                    
00000b01  SSIEnable                     
00000b0b  SSIBusy                       
00000b13  GPIOPinWrite                  
00000b19  SysCtlDelay                   
00000b1f  _system_pre_init              
00000b23  C$$EXIT                       
00000b23  abort                         
00000c34  __TI_Handler_Table_Base       
00000c40  __TI_Handler_Table_Limit      
00000c48  __TI_CINIT_Base               
00000c58  __TI_CINIT_Limit              
20000000  __stack                       
20000200  __STACK_END                   
20000200  __STACK_TOP                   
20000200  _modeCache                    
20000204  _outputCache                  
20000208  _pullupCache                  
2000020c  _invertCache                  
20000210  isState                       
20000214  pui32DataTx                   
20000220  ui32Index                     
ffffffff  __TI_pprof_out_hndl           
ffffffff  __TI_prof_data_size           
ffffffff  __TI_prof_data_start          
ffffffff  __binit__                     
ffffffff  __c_args__                    
ffffffff  binit                         
UNDEFED   __mpu_init                    
UNDEFED   _system_post_cinit            

[59 symbols]
